<html>
<body>
<pre>
<h1>µVision Build Log</h1>
<h2>Project:</h2>
C:\Keil\Labware\Reaction-Time-Game-Project\Lab11.uvproj
Project File Date:  12/21/2024

<h2>Output:</h2>
Build target 'Lab11'
compiling timer.c...
drivers\../headers/timer.h(8): warning:  #1-D: last line of file ends without a newline
  #endif
drivers\../headers/GlobalConfig.h(11): warning:  #1-D: last line of file ends without a newline
  #endif
drivers\../headers/Led.h(18): warning:  #1-D: last line of file ends without a newline
  #endif
drivers\../headers/UART.h(121): warning:  #1-D: last line of file ends without a newline
  char intToChar(int num);
drivers\timer.c(73): warning:  #1-D: last line of file ends without a newline
  */
drivers\timer.c: 5 warnings, 0 errors
linking...
Program Size: Code=4296 RO-data=1176 RW-data=72 ZI-data=2256  
".\Lab11.axf" - 0 Error(s), 5 Warning(s).
Load "C:\\Keil\\Labware\\Reaction-Time-Game-Project\\Lab11.axf" 
Connecting: Mode=JTAG, Speed=1000000Hz
Erase Done.
Programming Done.
Verify OK.
e ends without a newline
  }
drivers\Led.c: 3 warnings, 0 errors
compiling GPIO.c...
drivers\..\./headers/timer.h(8): warning:  #1-D: last line of file ends without a newline
  #endif
drivers\..\./headers/Led.h(18): warning:  #1-D: last line of file ends without a newline
  #endif
drivers\..\./headers/GlobalConfig.h(11): warning:  #1-D: last line of file ends without a newline
  #endif
drivers\GPIO.c: 3 warnings, 0 errors
compiling UART.c...
drivers\../headers/UART.h(121): warning:  #1-D: last line of file ends without a newline
  char intToChar(int num);
drivers\UART.c(191): warning:  #1-D: last line of file ends without a newline
  }
drivers\UART.c: 2 warnings, 0 errors
compiling timer.c...
drivers\../headers/timer.h(8): warning:  #1-D: last line of file ends without a newline
  #endif
drivers\../headers/GlobalConfig.h(11): warning:  #1-D: last line of file ends without a newline
  #endif
dri